// Jest Snapshot v1, https://goo.gl/fbAQLP

exports[`EtablissementMap.vue snapshot when no webgl It match the snapshot 1`] = `
<div
  class="map-container"
>
  <div
    class="panel contains-message"
    id="map"
  >
    <p
      class="panel__message"
    >
      
      Les données de géolocalisation ne sont pas disponibles pour cet
      établissement.
    
    </p>
  </div>
   
  <p>
    
    Géolocalisation réalisée par
    
    <a
      href="https://etalab.gouv.fr"
      target="blank"
    >
      Etalab
    </a>
    
    via
    
    <a
      href="https://adresse.data.gouv.fr/"
      target="blank"
    >
      
      adresse.data.gouv.fr
    
    </a>
  </p>
</div>
`;

exports[`EtablissementMap.vue snapshot when webgl It match the snapshot 1`] = `
<div
  class="map-container"
>
  <div
    class="panel contains-message"
    id="map"
  >
    <p
      class="panel__message"
    >
      
      Les données de géolocalisation ne sont pas disponibles pour cet
      établissement.
    
    </p>
  </div>
   
  <p>
    
    Géolocalisation réalisée par
    
    <a
      href="https://etalab.gouv.fr"
      target="blank"
    >
      Etalab
    </a>
    
    via
    
    <a
      href="https://adresse.data.gouv.fr/"
      target="blank"
    >
      
      adresse.data.gouv.fr
    
    </a>
  </p>
</div>
`;
