// Jest Snapshot v1, https://goo.gl/fbAQLP

exports[`EtablissementSirene.vue Snapshot testing It match the snapshot 1`] = `
<div
  class="company"
>
  <etablissement-links-stub />
   
  <h3>
    Informations de la base SIRENE de l'INSEE
  </h3>
   
  <div
    class="company-container"
  >
    <etablissement-sirene-contact-stub />
     
    <etablissement-sirene-info-stub />
  </div>
</div>
`;
